
PS C:\Users\010159_numoto\AspNetCorePrac\samples\SelfAspNet\SelfAspNet> dotnet ef database update
æŒ‡å®šã•ã‚ŒãŸã‚³ãƒãƒ³ãƒ‰ã¾ãŸã¯ãƒ•ã‚¡ã‚¤ãƒ«ãŒè¦‹ã¤ã‹ã‚‰ãªã‹ã£ãŸãŸã‚ã€å®Ÿè¡Œã§ãã¾ã›ã‚“ã§ã—ãŸã€‚
ã“ã‚Œã«ã¯ã€æ¬¡ã®ã‚ˆã†ãªç†ç”±ãŒè€ƒãˆã‚‰ã‚Œã¾ã™: 
 * çµ„ã¿è¾¼ã¿ã® dotnet ã‚³ãƒãƒ³ãƒ‰ã®ã‚¹ãƒšãƒ«ãŒé–“é•ã£ã¦ã„ã¾ã™ã€‚
 * .NET ãƒ—ãƒ­ã‚°ãƒ©ãƒ ã‚’å®Ÿè¡Œã—ã‚ˆã†ã¨ã—ã¾ã—ãŸãŒã€dotnet-ef ãŒå­˜åœ¨ã—ã¾ã›ã‚“ã€‚
 * ã‚°ãƒ­ãƒ¼ãƒãƒ« ãƒ„ãƒ¼ãƒ«ã‚’å®Ÿè¡Œã—ã‚ˆã†ã¨ã—ã¾ã—ãŸãŒã€ã“ã®åå‰ã® dotnet ãƒ—ãƒ¬ãƒ•ã‚£ãƒƒã‚¯ã‚¹ä»˜ãå®Ÿè¡Œå¯èƒ½ãƒ•ã‚¡ã‚¤ãƒ«ãŒ PATH ã«è¦‹ã¤ã‹ã‚Šã¾ã›ã‚“ã§ã—ãŸã€‚



PS C:\Users\010159_numoto\AspNetCorePrac\SelfAspNetCore> dotnet tool install --global dotnet-ef
ãƒ„ãƒ¼ãƒ« 'dotnet-ef' ã‚’æ›´æ–°ã§ãã¾ã›ã‚“ã§ã—ãŸã€‚åŸå› :
ãƒ„ãƒ¼ãƒ«ã® NuGet ãƒ‘ãƒƒã‚±ãƒ¼ã‚¸å†…ã®è¨­å®šãƒ•ã‚¡ã‚¤ãƒ«ãŒç„¡åŠ¹ã§ã™: è¨­å®šãƒ•ã‚¡ã‚¤ãƒ« 'DotnetToolSettings.xml' ãŒãƒ‘ãƒƒã‚±ãƒ¼ã‚¸ã§è¦‹ã¤ã‹ã‚Šã¾ã›ã‚“ã§ã—ãŸã€‚
ãƒ„ãƒ¼ãƒ« 'dotnet-ef' ã‚’ã‚¤ãƒ³ã‚¹ãƒˆãƒ¼ãƒ«ã§ãã¾ã›ã‚“ã§ã—ãŸã€‚ãƒ„ãƒ¼ãƒ«ã®ä½œæˆè€…ã«ãŠå•ã„åˆã‚ã›ãã ã•ã„ã€‚




PS C:\Users\010159_numoto\AspNetCorePrac\SelfAspNetCore\SelfAspNetCore> dotnet add package Microsoft.EntityFrameworkCore.SqlServer
  å¾©å…ƒå¯¾è±¡ã®ãƒ—ãƒ­ã‚¸ã‚§ã‚¯ãƒˆã‚’æ±ºå®šã—ã¦ã„ã¾ã™...
  Writing C:\Users\010159_numoto\AppData\Local\Temp\tmputmbyh.tmp
info : X.509 è¨¼æ˜æ›¸ãƒã‚§ãƒ¼ãƒ³ã®æ¤œè¨¼ã§ã¯ã€ã‚³ãƒ¼ãƒ‰ç½²åã®ãŸã‚ã« .NET ã«ã‚ˆã£ã¦é¸æŠã•ã‚ŒãŸæ—¢å®šã®ä¿¡é ¼ã‚¹ãƒˆã‚¢ãŒä½¿ç”¨ã•ã‚Œã¾ã™ã€‚
info : X.509 è¨¼æ˜æ›¸ãƒã‚§ãƒ¼ãƒ³ã®æ¤œè¨¼ã§ã¯ã€ã‚¿ã‚¤ãƒ ã‚¹ã‚¿ãƒ³ãƒ—ã« .NET ã«ã‚ˆã£ã¦é¸æŠã•ã‚ŒãŸæ—¢å®šã®ä¿¡é ¼ã‚¹ãƒˆã‚¢ãŒä½¿ç”¨ã•ã‚Œã¾ã™ã€‚
info : ãƒ‘ãƒƒã‚±ãƒ¼ã‚¸ 'Microsoft.EntityFrameworkCore.SqlServer' ã® PackageReference ã‚’ãƒ—ãƒ­ã‚¸ã‚§ã‚¯ãƒˆ 'C:\Users\010159_numoto\AspNetCorePrac\SelfAspNetCore\SelfAspNetCore\SelfAspNetCore.csproj' ã«è¿½åŠ ã—ã¦ã„ã¾ã™ã€‚
info :   CACHE https://api.nuget.org/v3/registration5-gz-semver2/microsoft.entityframeworkcore.sqlserver/index.json
info :   CACHE https://api.nuget.org/v3/registration5-gz-semver2/microsoft.entityframeworkcore.sqlserver/page/0.0.1-alpha/3.1.2.json
info :   CACHE https://api.nuget.org/v3/registration5-gz-semver2/microsoft.entityframeworkcore.sqlserver/page/3.1.3/6.0.0-preview.6.21352.1.json
info :   CACHE https://api.nuget.org/v3/registration5-gz-semver2/microsoft.entityframeworkcore.sqlserver/page/6.0.0-preview.7.21378.4/7.0.17.json
info :   CACHE https://api.nuget.org/v3/registration5-gz-semver2/microsoft.entityframeworkcore.sqlserver/page/7.0.18/10.0.0-rc.2.25502.107.json
info :   CACHE https://api.nuget.org/v3/registration5-gz-semver2/microsoft.entityframeworkcore.sqlserver/page/10.0.0/10.0.0.json
info : C:\Users\010159_numoto\AspNetCorePrac\SelfAspNetCore\SelfAspNetCore\SelfAspNetCore.csproj ã®ãƒ‘ãƒƒã‚±ãƒ¼ã‚¸ã‚’å¾©å…ƒã—ã¦ã„ã¾ã™...
info :   CACHE https://api.nuget.org/v3/vulnerabilities/index.json
info :   CACHE https://api.nuget.org/v3-vulnerabilities/2025.12.03.23.35.17/vulnerability.base.json
info :   CACHE https://api.nuget.org/v3-vulnerabilities/2025.12.03.23.35.17/2025.12.08.23.36.31/vulnerability.update.json
error: NU1202: ãƒ‘ãƒƒã‚±ãƒ¼ã‚¸ Microsoft.EntityFrameworkCore.SqlServer 10.0.0 ã¯ net8.0 (.NETCoreApp,Version=v8.0) ã¨äº’æ›æ€§ãŒã‚ã‚Šã¾ã›ã‚“ã€‚ ãƒ‘ãƒƒã‚±ãƒ¼ã‚¸ Microsoft.EntityFrameworkCore.SqlServer 10.0.0 ãŒã‚µãƒãƒ¼ãƒˆã™ã‚‹ã‚‚ã®: net10.0 (.NETCoreApp,Version=v10.0)
error: ãƒ‘ãƒƒã‚±ãƒ¼ã‚¸ 'Microsoft.EntityFrameworkCore.SqlServer' ã¯ãƒ—ãƒ­ã‚¸ã‚§ã‚¯ãƒˆ 'C:\Users\010159_numoto\AspNetCorePrac\SelfAspNetCore\SelfAspNetCore\SelfAspNetCore.csproj' ã® 'all' ãƒ•ãƒ¬ãƒ¼ãƒ ãƒ¯ãƒ¼ã‚¯ã¨ã®äº’æ›æ€§ãŒã‚ã‚Šã¾ã›ã‚“ã€‚






PS C:\Users\010159_numoto\AspNetCorePrac\SelfAspNetCore\SelfAspNetCore> dotnet list package
ãƒ—ãƒ­ã‚¸ã‚§ã‚¯ãƒˆ 'SelfAspNetCore' ã«æ¬¡ã®ãƒ‘ãƒƒã‚±ãƒ¼ã‚¸å‚ç…§ãŒå«ã¾ã‚Œã¦ã„ã¾ã™
   [net8.0]: ã“ã®ãƒ•ãƒ¬ãƒ¼ãƒ ãƒ¯ãƒ¼ã‚¯ã®ãƒ‘ãƒƒã‚±ãƒ¼ã‚¸ãŒè¦‹ã¤ã‹ã‚Šã¾ã›ã‚“ã§ã—ãŸã€‚



PS C:\Users\010159_numoto\AspNetCorePrac\samples\SelfAspNet\SelfAspNet> dotnet list package
ãƒ—ãƒ­ã‚¸ã‚§ã‚¯ãƒˆ 'SelfAspNet' ã«æ¬¡ã®ãƒ‘ãƒƒã‚±ãƒ¼ã‚¸å‚ç…§ãŒå«ã¾ã‚Œã¦ã„ã¾ã™
   [net8.0]: 
   æœ€ä¸Šä½ãƒ¬ãƒ™ãƒ« ãƒ‘ãƒƒã‚±ãƒ¼ã‚¸                                è¦æ±‚æ¸ˆã¿ è§£æ±ºæ¸ˆã¿ 
   > itext.font-asian                                      8.0.3   8.0.3
   > itext7                                                8.0.3   8.0.3
   > itext7.bouncy-castle-adapter                          8.0.3   8.0.3
   > Microsoft.EntityFrameworkCore.Design                  8.0     8.0.0
   > Microsoft.EntityFrameworkCore.Proxies                 8.0.1   8.0.1
   > Microsoft.EntityFrameworkCore.SqlServer               8.0     8.0.0
   > Microsoft.EntityFrameworkCore.Tools                   8.0     8.0.0
   > Microsoft.Extensions.Caching.SqlServer                8.0.2   8.0.2
   > Microsoft.VisualStudio.Web.CodeGeneration.Design      8.0     8.0.0







ã‚½ãƒªãƒ¥ãƒ¼ã‚·ãƒ§ãƒ³ã® NuGet ãƒ‘ãƒƒã‚±ãƒ¼ã‚¸ã‚’å¾©å…ƒã§ãã¾ã›ã‚“ã§ã—ãŸã€‚

2025-12-09 13:02:33.402 [info] C:\Program Files\dotnet\sdk\8.0.416\Sdks\Microsoft.NET.Sdk\targets\Microsoft.NET.Sdk.ImportWorkloads.props(14,38): error MSB4242: SDK ãƒªã‚¾ãƒ«ãƒãƒ¼ ã‚¨ãƒ©ãƒ¼: "SDK "Microsoft.NET.SDK.WorkloadAutoImportPropsLocator" ã‚’è§£æ±ºã—ã‚ˆã†ã¨ã—ã¦ã„ã‚‹ã¨ãã«ã€SDK ãƒªã‚¾ãƒ«ãƒãƒ¼ "Microsoft.DotNet.MSBuildWorkloadSdkResolver" ã«å¤±æ•—ã—ã¾ã—ãŸã€‚ä¾‹å¤–: "System.FormatException: The specified version does not contain a valid major, minor, and patch version: ''. [C:\Users\010159_numoto\AspNetCorePrac\SelfAspNetCore\SelfAspNetCore\SelfAspNetCore.csproj]
C:\Program Files\dotnet\sdk\8.0.416\Sdks\Microsoft.NET.Sdk\targets\Microsoft.NET.Sdk.ImportWorkloads.props(14,38): error MSB4242:    at Microsoft.Deployment.DotNet.Releases.ReleaseVersion.TryParse(String input, Boolean throwOnFailure, ReleaseVersion& version) [C:\Users\010159_numoto\AspNetCorePrac\SelfAspNetCore\SelfAspNetCore\SelfAspNetCore.csproj]
C:\Program Files\dotnet\sdk\8.0.416\Sdks\Microsoft.NET.Sdk\targets\Microsoft.NET.Sdk.ImportWorkloads.props(14,38): error MSB4242:    at Microsoft.Deployment.DotNet.Releases.ReleaseVersion.Parse(String input) [C:\Users\010159_numoto\AspNetCorePrac\SelfAspNetCore\SelfAspNetCore\SelfAspNetCore.csproj]
C:\Program Files\dotnet\sdk\8.0.416\Sdks\Microsoft.NET.Sdk\targets\Microsoft.NET.Sdk.ImportWorkloads.props(14,38): error MSB4242:    at Microsoft.Deployment.DotNet.Releases.ReleaseVersion..ctor(String version) [C:\Users\010159_numoto\AspNetCorePrac\SelfAspNetCore\SelfAspNetCore\SelfAspNetCore.csproj]
C:\Program Files\dotnet\sdk\8.0.416\Sdks\Microsoft.NET.Sdk\targets\Microsoft.NET.Sdk.ImportWorkloads.props(14,38): error MSB4242:    at Microsoft.NET.Sdk.WorkloadManifestReader.SdkDirectoryWorkloadManifestProvider.<>c.<FallbackForMissingManifest>b__23_1(String featureBand) [C:\Users\010159_numoto\AspNetCorePrac\SelfAspNetCore\SelfAspNetCore\SelfAspNetCore.csproj]
C:\Program Files\dotnet\sdk\8.0.416\Sdks\Microsoft.NET.Sdk\targets\Microsoft.NET.Sdk.ImportWorkloads.props(14,38): error MSB4242:    at System.Linq.Utilities.<>c__DisplayClass2_0`3.<CombineSelectors>b__0(TSource x) [C:\Users\010159_numoto\AspNetCorePrac\SelfAspNetCore\SelfAspNetCore\SelfAspNetCore.csproj]
C:\Program Files\dotnet\sdk\8.0.416\Sdks\Microsoft.NET.Sdk\targets\Microsoft.NET.Sdk.ImportWorkloads.props(14,38): error MSB4242:    at System.Linq.Enumerable.SelectArrayIterator`2.MoveNext() [C:\Users\010159_numoto\AspNetCorePrac\SelfAspNetCore\SelfAspNetCore\SelfAspNetCore.csproj]
C:\Program Files\dotnet\sdk\8.0.416\Sdks\Microsoft.NET.Sdk\targets\Microsoft.NET.Sdk.ImportWorkloads.props(14,38): error MSB4242:    at System.Linq.Enumerable.WhereSelectEnumerableIterator`2.MoveNext() [C:\Users\010159_numoto\AspNetCorePrac\SelfAspNetCore\SelfAspNetCore\SelfAspNetCore.csproj]
C:\Program Files\dotnet\sdk\8.0.416\Sdks\Microsoft.NET.Sdk\targets\Microsoft.NET.Sdk.ImportWorkloads.props(14,38): error MSB4242:    at System.Linq.Enumerable.WhereSelectEnumerableIterator`2.MoveNext() [C:\Users\010159_numoto\AspNetCorePrac\SelfAspNetCore\SelfAspNetCore\SelfAspNetCore.csproj]
C:\Program Files\dotnet\sdk\8.0.416\Sdks\Microsoft.NET.Sdk\targets\Microsoft.NET.Sdk.ImportWorkloads.props(14,38): error MSB4242:    at System.Linq.Enumerable.WhereEnumerableIterator`1.ToList() [C:\Users\010159_numoto\AspNetCorePrac\SelfAspNetCore\SelfAspNetCore\SelfAspNetCore.csproj]
C:\Program Files\dotnet\sdk\8.0.416\Sdks\Microsoft.NET.Sdk\targets\Microsoft.NET.Sdk.ImportWorkloads.props(14,38): error MSB4242:    at System.Linq.Enumerable.ToList[TSource](IEnumerable`1 source) [C:\Users\010159_numoto\AspNetCorePrac\SelfAspNetCore\SelfAspNetCore\SelfAspNetCore.csproj]
C:\Program Files\dotnet\sdk\8.0.416\Sdks\Microsoft.NET.Sdk\targets\Microsoft.NET.Sdk.ImportWorkloads.props(14,38): error MSB4242:    at Microsoft.NET.Sdk.WorkloadManifestReader.SdkDirectoryWorkloadManifestProvider.FallbackForMissingManifest(String manifestId) [C:\Users\010159_numoto\AspNetCorePrac\SelfAspNetCore\SelfAspNetCore\SelfAspNetCore.csproj]
C:\Program Files\dotnet\sdk\8.0.416\Sdks\Microsoft.NET.Sdk\targets\Microsoft.NET.Sdk.ImportWorkloads.props(14,38): error MSB4242:    at Microsoft.NET.Sdk.WorkloadManifestReader.SdkDirectoryWorkloadManifestProvider.GetManifests() [C:\Users\010159_numoto\AspNetCorePrac\SelfAspNetCore\SelfAspNetCore\SelfAspNetCore.csproj]
C:\Program Files\dotnet\sdk\8.0.416\Sdks\Microsoft.NET.Sdk\targets\Microsoft.NET.Sdk.ImportWorkloads.props(14,38): error MSB4242:    at Microsoft.NET.Sdk.WorkloadManifestReader.WorkloadResolver.LoadManifestsFromProvider(IWorkloadManifestProvider manifestProvider) [C:\Users\010159_numoto\AspNetCorePrac\SelfAspNetCore\SelfAspNetCore\SelfAspNetCore.csproj]
C:\Program Files\dotnet\sdk\8.0.416\Sdks\Microsoft.NET.Sdk\targets\Microsoft.NET.Sdk.ImportWorkloads.props(14,38): error MSB4242:    at Microsoft.NET.Sdk.WorkloadManifestReader.WorkloadResolver.InitializeManifests() [C:\Users\010159_numoto\AspNetCorePrac\SelfAspNetCore\SelfAspNetCore\SelfAspNetCore.csproj]
C:\Program Files\dotnet\sdk\8.0.416\Sdks\Microsoft.NET.Sdk\targets\Microsoft.NET.Sdk.ImportWorkloads.props(14,38): error MSB4242:    at Microsoft.NET.Sdk.WorkloadManifestReader.WorkloadResolver.GetInstalledWorkloadPacksOfKind(WorkloadPackKind kind)+MoveNext() [C:\Users\010159_numoto\AspNetCorePrac\SelfAspNetCore\SelfAspNetCore\SelfAspNetCore.csproj]
C:\Program Files\dotnet\sdk\8.0.416\Sdks\Microsoft.NET.Sdk\targets\Microsoft.NET.Sdk.ImportWorkloads.props(14,38): error MSB4242:    at Microsoft.NET.Sdk.WorkloadMSBuildSdkResolver.CachingWorkloadResolver.Resolve(String sdkReferenceName, IWorkloadManifestProvider manifestProvider, IWorkloadResolver workloadResolver) [C:\Users\010159_numoto\AspNetCorePrac\SelfAspNetCore\SelfAspNetCore\SelfAspNetCore.csproj]
C:\Program Files\dotnet\sdk\8.0.416\Sdks\Microsoft.NET.Sdk\targets\Microsoft.NET.Sdk.ImportWorkloads.props(14,38): error MSB4242:    at Microsoft.NET.Sdk.WorkloadMSBuildSdkResolver.CachingWorkloadResolver.Resolve(String sdkReferenceName, String dotnetRootPath, String sdkVersion, String userProfileDir, String globalJsonPath) [C:\Users\010159_numoto\AspNetCorePrac\SelfAspNetCore\SelfAspNetCore\SelfAspNetCore.csproj]
C:\Program Files\dotnet\sdk\8.0.416\Sdks\Microsoft.NET.Sdk\targets\Microsoft.NET.Sdk.ImportWorkloads.props(14,38): error MSB4242:    at Microsoft.NET.Sdk.WorkloadMSBuildSdkResolver.WorkloadSdkResolver.Resolve(SdkReference sdkReference, SdkResolverContext resolverContext, SdkResultFactory factory) [C:\Users\010159_numoto\AspNetCorePrac\SelfAspNetCore\SelfAspNetCore\SelfAspNetCore.csproj]
C:\Program Files\dotnet\sdk\8.0.416\Sdks\Microsoft.NET.Sdk\targets\Microsoft.NET.Sdk.ImportWorkloads.props(14,38): error MSB4242:    at Microsoft.Build.BackEnd.SdkResolution.SdkResolverService.TryResolveSdkUsingSpecifiedResolvers(IReadOnlyList`1 resolvers, Int32 submissionId, SdkReference sdk, LoggingContext loggingContext, ElementLocation sdkReferenceLocation, String solutionPath, String projectPath, Boolean interactive, Boolean isRunningInVisualStudio, SdkResult& sdkResult, IEnumerable`1& errors, IEnumerable`1& warnings)"" [C:\Users\010159_numoto\AspNetCorePrac\SelfAspNetCore\SelfAspNetCore\SelfAspNetCore.csproj]









PS C:\Users\010159_numoto\AspNetCorePrac\SelfAspNetCore\SelfAspNetCore> dotnet ef migrations add Initial
Build started...
Build succeeded.
Unable to create a 'DbContext' of type ''. The exception 'Unable to resolve service for type 'Microsoft.EntityFrameworkCore.DbContextOptions`1[SelfAspNetCore.Models.MyContext]' while attempting to activate 'SelfAspNetCore.Models.MyContext'.' was thrown while attempting to create an instance. For the different patterns supported at design time, see https://go.microsoft.com/fwlink/?linkid=851728













â– ãƒã‚¤ã‚°ãƒ¬ãƒ¼ã‚·ãƒ§ãƒ³ã‚’è¿½åŠ 
dotnet ef migrations add AddAllTables

ãƒ»ãƒ‡ãƒ¼ã‚¿ãƒ™ãƒ¼ã‚¹ã«åæ˜ 
dotnet ef database update


-------------------------
[Key]
[MaxLength(6)]
public string Code { get; set; }

-------------------------
[PrimaryKey(nameof(Key1), nameof(Key2))]
public class User {
    public string Key1 { get; set; }
    public string Key2 { get; set; }
}

-------------------------
[Table("users")]
public class User {
    public string Key1 { get; set; }
    public string Key2 { get; set; }
}

-------------------------
[Column("user_id", TypeName = "text")]
public string UserId { get; set; }

-------------------------
[MaxLength(255)]
public string UserId { get; set; }

[ForeignKey(nameof(UserId))]
public User? User { get; set; }

-------------------------
[Index(nameof(UserId), nameof(CreatedAt), IsUnique = true)]
public class User {

-------------------------
public string UserId { get; set; }

[DeleteBehavior(DeleteBehavior.NoAction)]
public User? User { get; set; }

-------------------------


INSERT INTO Articles (Title, Url, Category, CreatedAt, LastUpdatedAt) VALUES (N'ã¾ã™ã¾ã™ä¾¿åˆ©ã«ãªã‚‹TypeScriptï¼', 'https://codezine.jp/article/corner/992', 'JavaScript','2023/12/21','2023/12/22');
INSERT INTO Articles (Title, Url, Category, CreatedAt, LastUpdatedAt) VALUES (N'Remixã‚’é€šã˜ã¦Webã‚’å­¦ã¶', 'https://codezine.jp/article/corner/942', 'JavaScript', '2023/12/23', '2023/12/24');
INSERT INTO Articles (Title, Url, Category, CreatedAt, LastUpdatedAt) VALUES (N'Web Componentsã‚’åŸºç¤ã‹ã‚‰å­¦ã¶', 'https://codezine.jp/article/corner/927', 'JavaScript', '2023/12/25', '2023/12/26');
INSERT INTO Articles (Title, Url, Category, CreatedAt, LastUpdatedAt) VALUES (N'Railsã®æ–°æ©Ÿèƒ½ã‚’çŸ¥ã‚ã†ï¼', 'https://codezine.jp/article/corner/991', 'Rails', '2023/12/27', '2023/12/28');
INSERT INTO Articles (Title, Url, Category, CreatedAt, LastUpdatedAt) VALUES (N'Railsã«ã‚ˆã‚‹ã‚¯ãƒ©ã‚¤ã‚¢ãƒ³ãƒˆã‚µã‚¤ãƒ‰é–‹ç™ºå…¥é–€', 'https://codezine.jp/article/corner/919', 'Rails', '2023/12/29', '2023/12/30');
INSERT INTO Articles (Title, Url, Category, CreatedAt, LastUpdatedAt) VALUES (N'ç¾å ´ã§å½¹ç«‹ã¤Rustå…¥é–€', 'https://atmarkit.itmedia.co.jp/ait/series/36943/', 'Rust', '2023/12/31', '2024/1/1');
INSERT INTO Articles (Title, Url, Category, CreatedAt, LastUpdatedAt) VALUES (N'åŸºæœ¬ã‹ã‚‰ã—ã£ã‹ã‚Šå­¦ã¶Rustå…¥é–€', 'https://atmarkit.itmedia.co.jp/ait/series/24844/', 'Rust', '2024/1/2', '2024/1/3');













<footer b-wjzsj6mbdb="" class="border-top footer text-muted">
    <div b-wjzsj6mbdb="" class="container">
        Â© 2025 - SelfAspNetCore - <a href="/Home/Privacy">Privacy</a>
    </div>
</footer>



.footer[b-wjzsj6mbdb] {
    position: absolute;
    bottom: 0;
    width: 100%;
    white-space: nowrap;
    line-height: 60px;
}






-- â– Metas
INSERT INTO Metas (Action, Content, Controller, Name) VALUES ('Privacy', N'ãƒ¡ã‚¿æƒ…å ±', 'Home', 'keywords');
INSERT INTO Metas (Action, Content, Controller, Name) VALUES ('Privacy', N'ãƒšãƒ¼ã‚¸ã”ã¨ã«ç•°ãªã‚‹<meta>è¦ç´ ã‚’ç”Ÿæˆ', 'Home', 'description');
INSERT INTO Metas (Action, Content, Controller, Name) VALUES ('Index', N'ãƒ¡ã‚¿æƒ…å ±å–å¾—ã®åˆ¥è§£', 'Tag', 'description');


-- â– AuthorBook
INSERT INTO AuthorBook (BooksId, AuthorsId) VALUES (1, 1);
INSERT INTO AuthorBook (BooksId, AuthorsId) VALUES (1, 6);
INSERT INTO AuthorBook (BooksId, AuthorsId) VALUES (2, 2);
INSERT INTO AuthorBook (BooksId, AuthorsId) VALUES (3, 1);
INSERT INTO AuthorBook (BooksId, AuthorsId) VALUES (4, 3);
INSERT INTO AuthorBook (BooksId, AuthorsId) VALUES (5, 2);
INSERT INTO AuthorBook (BooksId, AuthorsId) VALUES (6, 1);
INSERT INTO AuthorBook (BooksId, AuthorsId) VALUES (7, 4);
INSERT INTO AuthorBook (BooksId, AuthorsId) VALUES (8, 1);
INSERT INTO AuthorBook (BooksId, AuthorsId) VALUES (9, 1);
INSERT INTO AuthorBook (BooksId, AuthorsId) VALUES (10, 5);

-- â– Author
INSERT INTO Authors (PenName, UserId) VALUES (N'WINGS', 1);
INSERT INTO Authors (PenName, UserId) VALUES (N'Sarva', 6);
INSERT INTO Authors (PenName, UserId) VALUES (N'ãŸã¾ãƒ‡ã‚¸ã€‚', 2);
INSERT INTO Authors (PenName, UserId) VALUES (N'Canon', 5);
INSERT INTO Authors (PenName, UserId) VALUES (N'Papier', 8);
INSERT INTO Authors (PenName, UserId) VALUES (N'ã¯ãª', 3);

-- â– Review
INSERT INTO Reviews (Body, BookId, LastUpdated, Name) VALUES (N'ãŒã£ã¤ã‚Šå­¦ç¿’ã—ãŸã„äººã«ã¯ã€ã†ã£ã¦ã¤ã‘ã®æœ¬ã§ã™ã€‚å‰åŠã¯ã€ã‚­ãƒƒãƒãƒªåŸºç¤å›ºã‚ã‚’è¡Œã„ã€å¾ŒåŠã¯å¿œç”¨çš„ãªå†…å®¹ã«ã€‚å›³ã‚„ç”¨ä¾‹ã€æ§‹æ–‡ã‚‚å¤šãã€è¾æ›¸ä»£ã‚ã‚Šã«ã‚‚ä½¿ãˆã¾ã™ã€‚', 1, '2024/2/2 00:00:00', N'å±±ç”°å¤ªéƒ');
INSERT INTO Reviews (Body, BookId, LastUpdated, Name) VALUES (N'ç’°å¢ƒæ§‹ç¯‰ã‹ã‚‰æ›¸ã‹ã‚Œã¦ãŠã‚Šåˆå¿ƒè€…ã‹ã‚‰ä½¿ãˆã¾ã™ãŒã€åˆ†é‡ã‹ã‚‰è¦‹ã¦ã‚‚ã‚ã‹ã‚‹ã‚ˆã†ã«ã€ã‚µãƒ©ãƒƒã¨ã¯çµ‚ã‚ã‚‰ãšã€èª¬æ˜ãŒæ·±ã„ã§ã™ã€‚ç‰¹ã«ã€Œã‚¨ã‚­ã‚¹ãƒ‘ãƒ¼ãƒˆã«è¨Šãã€ã¨ã„ã†èª­ã¿ç‰©ãŒé¢ç™½ã„ã€‚', 1, '2024/3/1 00:00:00', N'ä½è—¤èŠ±å­');
INSERT INTO Reviews (Body, BookId, LastUpdated, Name) VALUES (N'ã‚³ãƒ„ã‚³ãƒ„ã€ç‹¬ã‚Šã§ã˜ã£ãã‚Šå‹‰å¼·ã§ãã¾ã™ã€‚ã‚ªãƒ–ã‚¸ã‚§ã‚¯ãƒˆæŒ‡å‘ãƒ—ãƒ­ã‚°ãƒ©ãƒŸãƒ³ã‚°ã«ç´™æ•°ãŒå‰²ã„ã¦ã‚ã£ã¦ã€ä»¥å‰ã€æŒ«æŠ˜ã—ãŸã‘ã©ã€ä»Šå›ã¯ç†è§£ã§ãã¾ã—ãŸã€‚1å›ç›®ã¯èª­ã¿é£›ã°ã—ãŸã¨ã“ã‚ã‚‚ã‚ã‚‹ã®ã§ã€ã¾ãŸèª­ã¿è¿”ã—ãŸã„ã§ã™ã€‚', 1, '2024/3/1 00:00:00', N'éˆ´æœ¨æ¬¡éƒ');
INSERT INTO Reviews (Body, BookId, LastUpdated, Name) VALUES (N'Androidã¯ã™ãã«ãƒãƒ¼ã‚¸ãƒ§ãƒ³ãŒä¸ŠãŒã‚‹ã®ã§ã€æœ¬ã‚’è²·ã†ã®ã‚‚ãŸã‚ã‚‰ã‚ã‚Œã‚‹ãŒã€ã“ã®æœ¬ã¯ã€åŸºç¤éƒ¨åˆ†ãŒã—ã£ã‹ã‚Šèª¬æ˜ã•ã‚Œã¦ã„ã‚‹ã®ã§ã€ã¯ã˜ã‚ã®ä¸€å†Šã«ãŠå‹§ã‚ã§ãã¾ã™ã€‚', 2, '2023/11/1  00:00:00', N'äº•ä¸Šè£•å­');
INSERT INTO Reviews (Body, BookId, LastUpdated, Name) VALUES (N'åŒæ§˜ã®æ§‹æˆã§ã€Kotlinå¯¾å¿œã¨Javaå¯¾å¿œãŒã‚ã‚‹ã®ã§ã€ä¸¡æ–¹æ‰‹å…ƒã«ã‚ã‚‹ã¨æ¯”è¼ƒã—ãªãŒã‚‰å‹‰å¼·ã§ãã¾ã™ã€‚', 2, '2023/11/3 00:00:00', N'ç”°ä¸­å¥å¤ª');
INSERT INTO Reviews (Body, BookId, LastUpdated, Name) VALUES (N'ãƒ†ã‚¹ãƒˆã€TypeScriptã®æ´»ç”¨ã€Next.jsã®æ´»ç”¨ãªã©ãªã©ã€‚å®Ÿè·µçš„ãªå†…å®¹ç››ã‚Šã ãã•ã‚“ã§ã€ã‹ãªã‚Šã®ãƒœãƒªãƒ¥ãƒ¼ãƒ ã§ã™ã€‚ã‚µãƒ³ãƒ—ãƒ«ã‚‚å¤šãã€ãƒ€ã‚¦ãƒ³ãƒ­ãƒ¼ãƒ‰ã—ã¦å®Ÿéš›ã«å‹•ã‹ã—ãªãŒã‚‰ç¢ºèªã§ãã¦ã€ç†è§£ãŒæ·±ã¾ã‚Šã¾ã™ã€‚', 2, '2023/12/1 00:00:00', N'è—¤äº•ç”±ç¾');

-- â– User
INSERT INTO Users (Birth, Email, Name, NeedNews) VALUES ('1980/ 1/ 1 00:00:00', 'yyamada@example.com', N'å±±ç”°ç¥¥å¯›', 0);
INSERT INTO Users (Birth, Email, Name, NeedNews) VALUES ('1970/ 4/ 10 00:00:00', 'nyamauchi@example.com', N'å±±å†…ç›´', 0);
INSERT INTO Users (Birth, Email, Name, NeedNews) VALUES ('1990/ 11/ 24 00:00:00', 'hsuzuki@example.com', N'éˆ´æœ¨èŠ±å­', 0);
INSERT INTO Users (Birth, Email, Name, NeedNews) VALUES ('1992/ 8/ 21 00:00:00', 'tsato@example.com', N'ä½è—¤å¤ªéƒ', 0);
INSERT INTO Users (Birth, Email, Name, NeedNews) VALUES ('1985/ 10/ 20 00:00:00', 'kkatafuchi@example.com', 'Nç‰‡æ¸•å½¼å¯Œ', 0);
INSERT INTO Users (Birth, Email, Name, NeedNews) VALUES ('1974/ 2/ 15 00:00:00', 'ssaito@example.com', N'é½Šè—¤æ–°ä¸‰', 0);
INSERT INTO Users (Birth, Email, Name, NeedNews) VALUES ('2000/ 12/ 1 00:00:00', 'shanako@example.com', N'éˆ´æœ¨èŠ±å­', 0);
INSERT INTO Users (Birth, Email, Name, NeedNews) VALUES ('1978/ 6/ 30 00:00:00', 'ktakae@example.com', N'é«˜æ±Ÿè³¢', 0);



-- DBCC CHECKIDENT ('Authors', RESEED, 0);
-- DBCC CHECKIDENT ('Articles', RESEED, 0);




åå‰ä»˜ãå¼•æ•°ã®æŒ‡å®šã‚’å¼ãƒ„ãƒªãƒ¼ã«å«ã‚ã‚‹ã“ã¨ã¯ã§ãã¾ã›ã‚“



â– Userã‚¨ãƒ³ãƒ†ã‚£ãƒ†ã‚£ã‚’åˆ©ç”¨ã—ã¦Scaffoldingæ©Ÿèƒ½ã§ãƒšãƒ¼ã‚¸ã‚’è‡ªå‹•ç”Ÿæˆ
dotnet aspnet-codegenerator controller -name UsersController -outDir Controllers -async -m User -dc MyContext -udl -scripts

----------------------------------------------------------------------------------------------------------------------------------------------------------------------------------------------------------------
PS C:\Users\010159_numoto\AspNetCorePrac\SelfAspNetCore\SelfAspNetCore> dotnet aspnet-codegenerator controller -name UsersController -outDir Controllers -async -m User -dc MyContext -udl -scripts
Building project ...
Finding the generator 'controller'...
Running the generator 'controller'...

Minimal hosting scenario!
Attempting to compile the application in memory.
Attempting to figure out the EntityFramework metadata for the model and DbContext: 'User'

Using database provider 'Microsoft.EntityFrameworkCore.SqlServer'!

Added Controller : '\Controllers\UsersController.cs'.
Added View : \Views\Users\Create.cshtml
Added View : \Views\Users\Edit.cshtml
Added View : \Views\Users\Details.cshtml
Added View : \Views\Users\Delete.cshtml
Added View : \Views\Users\Index.cshtml
RunTime 00:00:13.19
----------------------------------------------------------------------------------------------------------------------------------------------------------------------------------------------------------------





â– Reviewã‚¨ãƒ³ãƒ†ã‚£ãƒ†ã‚£ã‚’åˆ©ç”¨ã—ã¦Scaffoldingæ©Ÿèƒ½ã§ãƒšãƒ¼ã‚¸ã‚’è‡ªå‹•ç”Ÿæˆ
dotnet aspnet-codegenerator controller -name ReviewsController -outDir Controllers -async -m Review -dc MyContext -udl -scripts

----------------------------------------------------------------------------------------------------------------------------------------------------------------------------------------------------------------
PS C:\Users\010159_numoto\AspNetCorePrac\SelfAspNetCore\SelfAspNetCore> dotnet aspnet-codegenerator controller -name ReviewsController -outDir Controllers -async -m Review -dc MyContext -udl -scripts
Building project ...
Finding the generator 'controller'...
Running the generator 'controller'...

Minimal hosting scenario!
Attempting to compile the application in memory.
Attempting to figure out the EntityFramework metadata for the model and DbContext: 'Review'

Using database provider 'Microsoft.EntityFrameworkCore.SqlServer'!

Added Controller : '\Controllers\ReviewsController.cs'.
Added View : \Views\Reviews\Create.cshtml
Added View : \Views\Reviews\Edit.cshtml
Added View : \Views\Reviews\Details.cshtml
Added View : \Views\Reviews\Delete.cshtml
Added View : \Views\Reviews\Index.cshtml
RunTime 00:00:08.79
----------------------------------------------------------------------------------------------------------------------------------------------------------------------------------------------------------------














/// <summary>
/// An <see cref="IValueProvider"/> adapter for data stored in an <see cref="IQueryCollection"/>.
/// </summary>
public class QueryStringValueProvider : BindingSourceValueProvider, IEnumerableValueProvider
{

    /// <summary>
    /// Creates a value provider for <see cref="IQueryCollection"/>.
    /// </summary>
    /// <param name="bindingSource">The <see cref="BindingSource"/> for the data.</param>
    /// <param name="values">The key value pairs to wrap.</param>
    /// <param name="culture">The culture to return with ValueProviderResult instances.</param>
    public QueryStringValueProvider(






/// <inheritdoc />



































1. åŸºæœ¬æ“ä½œãƒ»ã‚¨ãƒ‡ã‚£ã‚¿ç®¡ç†
ã‚¨ãƒ‡ã‚£ã‚¿è‡ªä½“ã®æ“ä½œã‚’ç´ æ—©ãè¡Œã†ãŸã‚ã®åŸºæœ¬é …ç›®ã§ã™ã€‚
ã‚³ãƒãƒ³ãƒ‰ãƒ‘ãƒ¬ãƒƒãƒˆã‚’é–‹ã	Ctrl + Shift + P
ã‚¯ã‚¤ãƒƒã‚¯ã‚ªãƒ¼ãƒ—ãƒ³ (ãƒ•ã‚¡ã‚¤ãƒ«æ¤œç´¢)	Ctrl + P
ã‚µã‚¤ãƒ‰ãƒãƒ¼ã®è¡¨ç¤º/éè¡¨ç¤º	Ctrl + B
æ–°ã—ã„ã‚¦ã‚£ãƒ³ãƒ‰ã‚¦ã‚’é–‹ã	Ctrl + Shift + N
çµ±åˆã‚¿ãƒ¼ãƒŸãƒŠãƒ«ã®åˆ‡ã‚Šæ›¿ãˆ	Ctrl + ` (ãƒãƒƒã‚¯ã‚¯ã‚©ãƒ¼ãƒˆ)



2. ç·¨é›†ãƒ»ã‚³ãƒ¼ãƒ‡ã‚£ãƒ³ã‚°
ã‚³ãƒ¼ãƒ‰ã‚’æ›¸ãã‚¹ãƒ”ãƒ¼ãƒ‰ã‚’åŠ‡çš„ã«ä¸Šã’ã‚‹ã‚·ãƒ§ãƒ¼ãƒˆã‚«ãƒƒãƒˆã§ã™ã€‚

è¡Œã®å…¥ã‚Œæ›¿ãˆ: Alt + â†‘ / â†“ ï¼ˆMac: Opt + â†‘ / â†“ï¼‰

é¸æŠã—ãŸè¡Œã‚’ãã®ã¾ã¾ä¸Šä¸‹ã«ç§»å‹•ã•ã›ã¾ã™ã€‚

è¡Œã®ã‚³ãƒ”ãƒ¼: Shift + Alt + â†‘ / â†“ ï¼ˆMac: Shift + Opt + â†‘ / â†“ï¼‰

ç¾åœ¨è¡Œã‚’ä¸Šä¸‹ã«è¤‡è£½ã—ã¾ã™ã€‚

ãƒãƒ«ãƒã‚«ãƒ¼ã‚½ãƒ«: Ctrl + D ï¼ˆMac: Cmd + Dï¼‰

ç¾åœ¨é¸æŠã—ã¦ã„ã‚‹å˜èªã¨åŒã˜å˜èªã‚’ã€æ¬¡ã€…ã«é¸æŠçŠ¶æ…‹ã«ã—ã¾ã™ï¼ˆä¸€æ‹¬ä¿®æ­£ã«ä¾¿åˆ©ï¼‰ã€‚

è¡Œã®å‰Šé™¤: Ctrl + Shift + K ï¼ˆMac: Cmd + Shift + Kï¼‰

ã‚³ãƒ¡ãƒ³ãƒˆã‚¢ã‚¦ãƒˆ: Ctrl + / ï¼ˆMac: Cmd + /ï¼‰



3. ãƒŠãƒ“ã‚²ãƒ¼ã‚·ãƒ§ãƒ³ãƒ»æ¤œç´¢
ã‚³ãƒ¼ãƒ‰å†…ã‚’ç¸¦æ¨ªç„¡å°½ã«ç§»å‹•ã™ã‚‹ãŸã‚ã®æ©Ÿèƒ½ã§ã™ã€‚

å®šç¾©ã¸ç§»å‹•: F12

å®šç¾©ã‚’è¦—ãè¦‹ (Peek): Alt + F12 ï¼ˆMac: Opt + F12ï¼‰

ç”»é¢ã‚’ç§»å‹•ã›ãšã«ã€ãã®å ´ã§é–¢æ•°ã®å†…å®¹ãªã©ã‚’ç¢ºèªã§ãã¾ã™ã€‚

ã‚·ãƒ³ãƒœãƒ«ã¸ç§»å‹•: Ctrl + Shift + O ï¼ˆMac: Cmd + Shift + Oï¼‰

ãƒ•ã‚¡ã‚¤ãƒ«å†…ã®é–¢æ•°ã‚„å¤‰æ•°åã®ä¸€è¦§ã‚’è¡¨ç¤ºã—ã¦ã‚¸ãƒ£ãƒ³ãƒ—ã—ã¾ã™ã€‚

å¯¾å¿œã™ã‚‹æ‹¬å¼§ã¸ç§»å‹•: Ctrl + Shift + \ ï¼ˆMac: Cmd + Shift + \ï¼‰



4. ç”»é¢åˆ†å‰²ãƒ»ãƒ¬ã‚¤ã‚¢ã‚¦ãƒˆ
ç”»é¢ã‚’å·¦å³ã«åˆ†å‰²: Ctrl + \ ï¼ˆMac: Cmd + \ï¼‰

ã‚¨ãƒ‡ã‚£ã‚¿ã‚°ãƒ¬ãƒ¼ãƒ—ã®ãƒ•ã‚©ãƒ¼ã‚«ã‚¹åˆ‡ã‚Šæ›¿ãˆ: Ctrl + 1, 2, 3

ã‚¨ãƒ‡ã‚£ã‚¿ã‚’é–‰ã˜ã‚‹: Ctrl + W ï¼ˆMac: Cmd + Wï¼‰


















C# é–‹ç™ºã« VS Code ã‚’ä½¿ç”¨ã™ã‚‹å ´åˆã€ã€ŒC# Dev Kitã€ æ‹¡å¼µæ©Ÿèƒ½ã‚’å°å…¥ã™ã‚‹ã“ã¨ã§ã€Visual Studio ã«è¿‘ã„å¼·åŠ›ãªé–‹ç™ºä½“é¨“ãŒå¾—ã‚‰ã‚Œã¾ã™ã€‚

C# ç‰¹æœ‰ã®ä½œæ¥­åŠ¹ç‡ã‚’çˆ†ä¸Šã’ã™ã‚‹ã‚·ãƒ§ãƒ¼ãƒˆã‚«ãƒƒãƒˆã¨ã€æ¨å¥¨è¨­å®šã‚’ã¾ã¨ã‚ã¾ã—ãŸã€‚




1. C# é–‹ç™ºã§å¿…é ˆã®ã‚·ãƒ§ãƒ¼ãƒˆã‚«ãƒƒãƒˆ
ã‚³ãƒ¼ãƒ‰ã®ä¿®æ­£ã‚„ãƒ‡ãƒãƒƒã‚°ã§é »ç¹ã«ä½¿ã†æ“ä½œã§ã™ã€‚

æ“ä½œå†…å®¹	Windows / Linux	macOS
ã‚¯ã‚¤ãƒƒã‚¯ä¿®æ­£ (Usingã®è¿½åŠ ãªã©)	Ctrl + .	Cmd + .
ã‚³ãƒ¼ãƒ‰ã®è‡ªå‹•æ•´å½¢	Shift + Alt + F	Shift + Opt + F
ãƒ“ãƒ«ãƒ‰ (Build)	Ctrl + Shift + B	Cmd + Shift + B
ãƒ‡ãƒãƒƒã‚°é–‹å§‹	F5	F5
ã™ã¹ã¦ã®å‚ç…§ã‚’æ¤œç´¢	Shift + F12	Shift + F12
ã‚·ãƒ³ãƒœãƒ«ã®åå‰å¤‰æ›´ (ä¸€æ‹¬ç½®æ›)	F2	F2




2. C# é–‹ç™ºã‚’å¿«é©ã«ã™ã‚‹ã€Œä¸‰ç¨®ã®ç¥å™¨ã€æ‹¡å¼µæ©Ÿèƒ½
VS Code ã§ C# ã‚’æ›¸ããªã‚‰ã€ä»¥ä¸‹ã®æ‹¡å¼µæ©Ÿèƒ½ã¯ã»ã¼å¿…é ˆã§ã™ã€‚


1.C# Dev Kit: ã‚½ãƒªãƒ¥ãƒ¼ã‚·ãƒ§ãƒ³ç®¡ç†ï¼ˆ.slnï¼‰ã‚„ãƒ†ã‚¹ãƒˆã‚¨ã‚¯ã‚¹ãƒ—ãƒ­ãƒ¼ãƒ©ãƒ¼æ©Ÿèƒ½ã‚’è¿½åŠ ã—ã¾ã™ã€‚

2.IntelliCode for C# Dev Kit: AI ã«ã‚ˆã‚‹å¼·åŠ›ãªã‚³ãƒ¼ãƒ‰è£œå®Œã‚’æä¾›ã—ã¾ã™ã€‚

3..NET Install Tool: é©åˆ‡ãª .NET ãƒ©ãƒ³ã‚¿ã‚¤ãƒ ã®ç®¡ç†ã‚’è‡ªå‹•åŒ–ã—ã¾ã™ã€‚




3. C# å‘ã‘ã®ä¾¿åˆ©ãªè¨­å®šï¼ˆsettings.jsonï¼‰
C# ã®ã‚³ãƒ¼ãƒ‰ã‚’ã‚ˆã‚Šèª­ã¿ã‚„ã™ãã™ã‚‹ãŸã‚ã«ã€ä»¥ä¸‹ã®è¨­å®šã‚’æœ‰åŠ¹ã«ã™ã‚‹ã“ã¨ã‚’ãŠå‹§ã‚ã—ã¾ã™ã€‚

ãƒ»Inlay Hints (ã‚¤ãƒ³ãƒ¬ã‚¤ãƒ’ãƒ³ãƒˆ): å¼•æ•°åã‚„å‹æ¨è«–ï¼ˆvarï¼‰ã®å®Ÿéš›ã®å‹ã‚’ã‚¨ãƒ‡ã‚£ã‚¿ä¸Šã«è–„ãè¡¨ç¤ºã—ã¾ã™ã€‚

ãƒ»Format On Save: ãƒ•ã‚¡ã‚¤ãƒ«ä¿å­˜æ™‚ã«è‡ªå‹•ã§ã‚³ãƒ¼ãƒ‰ã‚’æ•´å½¢ã—ã¾ã™ã€‚




4. ãƒ‡ãƒãƒƒã‚°æ™‚ã® Tips
C# Dev Kit ã‚’å…¥ã‚Œã¦ã„ã‚‹å ´åˆã€F5 ã‚’æŠ¼ã™ã ã‘ã§é©åˆ‡ãª launch.json ãŒç”Ÿæˆã•ã‚Œã¾ã™ã€‚ãƒ‡ãƒãƒƒã‚°ä¸­ã¯ä»¥ä¸‹ã®ã‚­ãƒ¼ã‚’ä½¿ã„åˆ†ã‘ã¾ã—ã‚‡ã†ã€‚

ãƒ»F10 (ã‚¹ãƒ†ãƒƒãƒ—ã‚ªãƒ¼ãƒãƒ¼): æ¬¡ã®è¡Œã¸é€²ã‚€ï¼ˆé–¢æ•°ã®ä¸­ã«ã¯å…¥ã‚‰ãªã„ï¼‰

ãƒ»F11 (ã‚¹ãƒ†ãƒƒãƒ—ã‚¤ãƒ³): é–¢æ•°ã®ä¸­ã«å…¥ã‚‹

ãƒ»Shift + F11 (ã‚¹ãƒ†ãƒƒãƒ—ã‚¢ã‚¦ãƒˆ): ä»Šã„ã‚‹é–¢æ•°ã‹ã‚‰æŠœã‘ã‚‹









â– ã€Œã‚³ãƒ³ãƒ†ã‚­ã‚¹ãƒˆï¼ˆcontextï¼‰ã€ã¨ã„ã†è¨€è‘‰ã¯ã€ã‚ã‚‹å‡¦ç†ã‚„ã‚³ãƒ¼ãƒ‰ãŒâ€œã©ã‚“ãªçŠ¶æ³ãƒ»ç’°å¢ƒã®ä¸­ã§å®Ÿè¡Œã•ã‚Œã¦ã„ã‚‹ã‹â€ã‚’è¡¨ã™æƒ…å ±ã®ã¾ã¨ã¾ã‚Šã‚’æŒ‡ã—ã¾ã™ã€‚

 åˆ†é‡åˆ¥ã®ã‚³ãƒ³ãƒ†ã‚­ã‚¹ãƒˆã®ä½¿ã‚ã‚Œæ–¹
1. é–¢æ•°ã‚„ãƒ¡ã‚½ãƒƒãƒ‰ã®ã‚³ãƒ³ãƒ†ã‚­ã‚¹ãƒˆ
- ã©ã®ã‚ªãƒ–ã‚¸ã‚§ã‚¯ãƒˆã‹ã‚‰å‘¼ã°ã‚ŒãŸã‹
- å¤‰æ•°ã®ã‚¹ã‚³ãƒ¼ãƒ—
- this ãŒä½•ã‚’æŒ‡ã™ã‹ï¼ˆJavaScript ãªã©ï¼‰

3. ãƒ•ãƒ¬ãƒ¼ãƒ ãƒ¯ãƒ¼ã‚¯ã®ã‚³ãƒ³ãƒ†ã‚­ã‚¹ãƒˆ
å¤šãã®ãƒ•ãƒ¬ãƒ¼ãƒ ãƒ¯ãƒ¼ã‚¯ã¯ã€Œã‚³ãƒ³ãƒ†ã‚­ã‚¹ãƒˆã€ã‚’â€œä¾¿åˆ©ãªæƒ…å ±ã‚’ã¾ã¨ã‚ãŸå…¥ã‚Œç‰©â€ã¨ã—ã¦æä¾›ã—ã¾ã™ã€‚
ä¾‹ï¼šWeb ãƒ•ãƒ¬ãƒ¼ãƒ ãƒ¯ãƒ¼ã‚¯ï¼ˆFlask, Express, Django ãªã©ï¼‰
- ãƒªã‚¯ã‚¨ã‚¹ãƒˆæƒ…å ±
- ãƒ¦ãƒ¼ã‚¶ãƒ¼æƒ…å ±
- ã‚»ãƒƒã‚·ãƒ§ãƒ³
- è¨­å®š

4. è¨€èªä»•æ§˜ã¨ã—ã¦ã®ã‚³ãƒ³ãƒ†ã‚­ã‚¹ãƒˆ
- ã‚³ãƒ³ãƒ‘ã‚¤ãƒ«æ™‚ã®ã‚³ãƒ³ãƒ†ã‚­ã‚¹ãƒˆ
- å‹æ¨è«–ã®ã‚³ãƒ³ãƒ†ã‚­ã‚¹ãƒˆ
- åå‰è§£æ±ºã®ã‚³ãƒ³ãƒ†ã‚­ã‚¹ãƒˆ

ã¾ã¨ã‚
ãƒ—ãƒ­ã‚°ãƒ©ãƒŸãƒ³ã‚°ã«ãŠã‘ã‚‹ã€Œã‚³ãƒ³ãƒ†ã‚­ã‚¹ãƒˆã€ã¯ã€
â€œã‚³ãƒ¼ãƒ‰ã‚„å‡¦ç†ãŒå‹•ããŸã‚ã«å¿…è¦ãªå‘¨è¾ºæƒ…å ±ã®ã‚»ãƒƒãƒˆâ€
ã¨è€ƒãˆã‚‹ã¨ã‚¹ãƒƒã‚­ãƒªç†è§£ã§ãã¾ã™ã€‚




â– ãƒ—ãƒ­ã‚°ãƒ©ãƒŸãƒ³ã‚°ã§ã€Œã‚³ãƒ³ãƒ†ãƒŠãƒ¼ï¼ˆcontainerï¼‰ã€ã¨ã„ã†è¨€è‘‰ã¯ã€**â€œãƒ‡ãƒ¼ã‚¿ã‚„å‡¦ç†ã‚’ã¾ã¨ã‚ã¦ç®¡ç†ã™ã‚‹ãŸã‚ã®å…¥ã‚Œç‰©â€**ã¨ã„ã†åºƒã„æ„å‘³ã§ä½¿ã‚ã‚Œã¾ã™ã€‚ãŸã ã—ã€æ–‡è„ˆã«ã‚ˆã£ã¦æŒ‡ã™ã‚‚ã®ãŒå¤§ããå¤‰ã‚ã‚‹ã®ã§ã€ä»£è¡¨çš„ãªä½¿ã‚ã‚Œæ–¹ã‚’æ•´ç†ã™ã‚‹ã¨ç†è§£ã—ã‚„ã™ããªã‚Šã¾ã™ã€‚

ğŸ“¦ åŸºæœ¬çš„ãªæ„å‘³
ä½•ã‹ã‚’ã¾ã¨ã‚ã¦ä¿æŒã—ã€æ‰±ã„ã‚„ã™ãã™ã‚‹ä»•çµ„ã¿
ã“ã‚ŒãŒã‚³ãƒ³ãƒ†ãƒŠãƒ¼ã®æœ¬è³ªã§ã™ã€‚

ğŸ§° 1. ãƒ‡ãƒ¼ã‚¿æ§‹é€ ã¨ã—ã¦ã®ã‚³ãƒ³ãƒ†ãƒŠãƒ¼
ãƒ—ãƒ­ã‚°ãƒ©ãƒŸãƒ³ã‚°è¨€èªã§ã‚ˆãä½¿ã‚ã‚Œã‚‹æ„å‘³ã§ã™ã€‚
- é…åˆ—ï¼ˆArrayï¼‰
- ãƒªã‚¹ãƒˆï¼ˆListï¼‰
- ãƒãƒƒãƒ— / è¾æ›¸ï¼ˆMap / Dictionaryï¼‰
- ã‚»ãƒƒãƒˆï¼ˆSetï¼‰
- ã‚­ãƒ¥ãƒ¼ï¼ˆQueueï¼‰
- ã‚¹ã‚¿ãƒƒã‚¯ï¼ˆStackï¼‰
ã“ã‚Œã‚‰ã¯ã™ã¹ã¦ è¤‡æ•°ã®ãƒ‡ãƒ¼ã‚¿ã‚’ã¾ã¨ã‚ã¦ä¿æŒã™ã‚‹â€œã‚³ãƒ³ãƒ†ãƒŠãƒ¼â€ ã¨å‘¼ã°ã‚Œã¾ã™ã€‚

ğŸ³ 2. ä»®æƒ³åŒ–æŠ€è¡“ã¨ã—ã¦ã®ã‚³ãƒ³ãƒ†ãƒŠãƒ¼ï¼ˆDocker ãªã©ï¼‰
æœ€è¿‘ã‚ˆãèãã€Œã‚³ãƒ³ãƒ†ãƒŠã€ã¯ã“ã¡ã‚‰ã€‚
- ã‚¢ãƒ—ãƒªã‚±ãƒ¼ã‚·ãƒ§ãƒ³ã¨ãã®ä¾å­˜é–¢ä¿‚ã‚’ã²ã¨ã¾ã¨ã‚ã«ã—ãŸå®Ÿè¡Œç’°å¢ƒ
- OS ä¸Šã§è»½é‡ã«å‹•ãä»®æƒ³åŒ–æŠ€è¡“
- ã©ã“ã§ã‚‚åŒã˜ç’°å¢ƒã§å‹•ã‹ã›ã‚‹ã®ãŒå¼·ã¿
ä¾‹ï¼šDockerã€Kubernetes ã§æ‰±ã†ã‚³ãƒ³ãƒ†ãƒŠ

ğŸ§± 3. GUI ã‚„ UI ã®ã‚³ãƒ³ãƒ†ãƒŠãƒ¼
ç”»é¢ã®ãƒ¬ã‚¤ã‚¢ã‚¦ãƒˆã‚’ã¾ã¨ã‚ã‚‹å…¥ã‚Œç‰©ã€‚
- HTML ã® <div>
- Android ã® LinearLayout
- SwiftUI ã® VStack ãªã©
UI è¦ç´ ã‚’ã‚°ãƒ«ãƒ¼ãƒ—åŒ–ã™ã‚‹ãŸã‚ã®â€œã‚³ãƒ³ãƒ†ãƒŠãƒ¼â€ã§ã™ã€‚

ğŸ—‚ 4. ãƒ•ãƒ¬ãƒ¼ãƒ ãƒ¯ãƒ¼ã‚¯ã®ã‚³ãƒ³ãƒ†ãƒŠãƒ¼ï¼ˆDI ã‚³ãƒ³ãƒ†ãƒŠãªã©ï¼‰
ä¾å­˜æ€§æ³¨å…¥ï¼ˆDIï¼‰ã§ä½¿ã‚ã‚Œã‚‹ã€Œã‚³ãƒ³ãƒ†ãƒŠã€ã€‚
- ã‚ªãƒ–ã‚¸ã‚§ã‚¯ãƒˆã®ç”Ÿæˆã‚„ãƒ©ã‚¤ãƒ•ã‚µã‚¤ã‚¯ãƒ«ã‚’ç®¡ç†ã™ã‚‹ç®±
- Springã€Laravelã€Angular ãªã©ã§ä½¿ã‚ã‚Œã‚‹æ¦‚å¿µ

ğŸ¯ ã¾ã¨ã‚
ãƒ—ãƒ­ã‚°ãƒ©ãƒŸãƒ³ã‚°ã«ãŠã‘ã‚‹ã€Œã‚³ãƒ³ãƒ†ãƒŠãƒ¼ã€ã¯æ–‡è„ˆã«ã‚ˆã£ã¦æ„å‘³ãŒå¤‰ã‚ã‚Šã¾ã™ãŒã€å…±é€šç‚¹ã¯ã²ã¨ã¤ã€‚
â€œä½•ã‹ã‚’ã¾ã¨ã‚ã¦ç®¡ç†ã™ã‚‹ãŸã‚ã®å…¥ã‚Œç‰©â€










